{
  "version": "1.5.0",
  "plugins_used": [
    {
      "name": "ArtifactoryDetector"
    },
    {
      "name": "AWSKeyDetector"
    },
    {
      "name": "AzureStorageKeyDetector"
    },
    {
      "name": "Base64HighEntropyString",
      "limit": 4.5
    },
    {
      "name": "BasicAuthDetector"
    },
    {
      "name": "CloudantDetector"
    },
    {
      "name": "DiscordBotTokenDetector"
    },
    {
      "name": "GitHubTokenDetector"
    },
    {
      "name": "GitLabTokenDetector"
    },
    {
      "name": "HexHighEntropyString",
      "limit": 3.0
    },
    {
      "name": "IbmCloudIamDetector"
    },
    {
      "name": "IbmCosHmacDetector"
    },
    {
      "name": "IPPublicDetector"
    },
    {
      "name": "JwtTokenDetector"
    },
    {
      "name": "KeywordDetector",
      "keyword_exclude": ""
    },
    {
      "name": "MailchimpDetector"
    },
    {
      "name": "NpmDetector"
    },
    {
      "name": "OpenAIDetector"
    },
    {
      "name": "PrivateKeyDetector"
    },
    {
      "name": "PypiTokenDetector"
    },
    {
      "name": "SendGridDetector"
    },
    {
      "name": "SlackDetector"
    },
    {
      "name": "SoftlayerDetector"
    },
    {
      "name": "SquareOAuthDetector"
    },
    {
      "name": "StripeDetector"
    },
    {
      "name": "TelegramBotTokenDetector"
    },
    {
      "name": "TwilioKeyDetector"
    }
  ],
  "filters_used": [
    {
      "path": "detect_secrets.filters.allowlist.is_line_allowlisted"
    },
    {
      "path": "detect_secrets.filters.common.is_baseline_file",
      "filename": ".secrets.baseline"
    },
    {
      "path": "detect_secrets.filters.common.is_ignored_due_to_verification_policies",
      "min_level": 2
    },
    {
      "path": "detect_secrets.filters.heuristic.is_indirect_reference"
    },
    {
      "path": "detect_secrets.filters.heuristic.is_likely_id_string"
    },
    {
      "path": "detect_secrets.filters.heuristic.is_lock_file"
    },
    {
      "path": "detect_secrets.filters.heuristic.is_not_alphanumeric_string"
    },
    {
      "path": "detect_secrets.filters.heuristic.is_potential_uuid"
    },
    {
      "path": "detect_secrets.filters.heuristic.is_prefixed_with_dollar_sign"
    },
    {
      "path": "detect_secrets.filters.heuristic.is_sequential_string"
    },
    {
      "path": "detect_secrets.filters.heuristic.is_swagger_file"
    },
    {
      "path": "detect_secrets.filters.heuristic.is_templated_secret"
    }
  ],
  "results": {
    ".obsidian/plugins/dataview/main.js": [
      {
        "type": "Secret Keyword",
        "filename": ".obsidian/plugins/dataview/main.js",
        "hashed_secret": "d5d4cd07616a542891b7ec2d0257b3a24b69856e",
        "is_verified": false,
        "line_number": 10269
      },
      {
        "type": "Base64 High Entropy String",
        "filename": ".obsidian/plugins/dataview/main.js",
        "hashed_secret": "b84d5e9729d98a1d3bea03d356d0d256cb92b2ab",
        "is_verified": false,
        "line_number": 12784
      }
    ],
    ".obsidian/plugins/terminal/main.js": [
      {
        "type": "Base64 High Entropy String",
        "filename": ".obsidian/plugins/terminal/main.js",
        "hashed_secret": "0aff1ea7c290b2b7f197f4670bb4581378ef878d",
        "is_verified": false,
        "line_number": 22
      },
      {
        "type": "Base64 High Entropy String",
        "filename": ".obsidian/plugins/terminal/main.js",
        "hashed_secret": "1d278d3c888d1a2fa7eed622bfc02927ce4049af",
        "is_verified": false,
        "line_number": 22
      },
      {
        "type": "Base64 High Entropy String",
        "filename": ".obsidian/plugins/terminal/main.js",
        "hashed_secret": "1eb68b22180407934fe3411bbb14a9227a013204",
        "is_verified": false,
        "line_number": 22
      },
      {
        "type": "Base64 High Entropy String",
        "filename": ".obsidian/plugins/terminal/main.js",
        "hashed_secret": "1f1e7bc1e33dc314e8b89f8be79caa66994078ba",
        "is_verified": false,
        "line_number": 22
      },
      {
        "type": "Base64 High Entropy String",
        "filename": ".obsidian/plugins/terminal/main.js",
        "hashed_secret": "69ffa487bcecd2671254578db5ff448c7ac81f51",
        "is_verified": false,
        "line_number": 22
      },
      {
        "type": "Base64 High Entropy String",
        "filename": ".obsidian/plugins/terminal/main.js",
        "hashed_secret": "73807bd9f7e9582d401d2887c133aac295ef577c",
        "is_verified": false,
        "line_number": 22
      },
      {
        "type": "Base64 High Entropy String",
        "filename": ".obsidian/plugins/terminal/main.js",
        "hashed_secret": "8c2f6a85469da077bf09c0a11b760bba16d298a0",
        "is_verified": false,
        "line_number": 22
      },
      {
        "type": "Base64 High Entropy String",
        "filename": ".obsidian/plugins/terminal/main.js",
        "hashed_secret": "99e976c2d93443ba5996636277a7f117c80c6f4c",
        "is_verified": false,
        "line_number": 22
      },
      {
        "type": "Base64 High Entropy String",
        "filename": ".obsidian/plugins/terminal/main.js",
        "hashed_secret": "c4e6bac9d97ed770edd4bbe8d84b56ccc76a72c1",
        "is_verified": false,
        "line_number": 22
      },
      {
        "type": "Base64 High Entropy String",
        "filename": ".obsidian/plugins/terminal/main.js",
        "hashed_secret": "2c79dd9501c8730620b1e2a242d957c084ed8bc1",
        "is_verified": false,
        "line_number": 146
      },
      {
        "type": "Base64 High Entropy String",
        "filename": ".obsidian/plugins/terminal/main.js",
        "hashed_secret": "389ec3109a2fe2790d5a746572657ad0f03ab1d6",
        "is_verified": false,
        "line_number": 146
      },
      {
        "type": "Base64 High Entropy String",
        "filename": ".obsidian/plugins/terminal/main.js",
        "hashed_secret": "4f9e6e52ceb3316ed7bf33484cc1adf6aab8d1a1",
        "is_verified": false,
        "line_number": 146
      },
      {
        "type": "Base64 High Entropy String",
        "filename": ".obsidian/plugins/terminal/main.js",
        "hashed_secret": "51a632c3de47565e281d2e6cff29e19d3e98bd7e",
        "is_verified": false,
        "line_number": 146
      },
      {
        "type": "Base64 High Entropy String",
        "filename": ".obsidian/plugins/terminal/main.js",
        "hashed_secret": "b851b4baf15d661c4db1874f1aa7dacd93290bcf",
        "is_verified": false,
        "line_number": 146
      },
      {
        "type": "Base64 High Entropy String",
        "filename": ".obsidian/plugins/terminal/main.js",
        "hashed_secret": "1daa31c4572344d5fb2e69001c8113e110077dd6",
        "is_verified": false,
        "line_number": 186
      },
      {
        "type": "Base64 High Entropy String",
        "filename": ".obsidian/plugins/terminal/main.js",
        "hashed_secret": "7441d4db9ee53123052fa992b2e5c2e804b17e74",
        "is_verified": false,
        "line_number": 186
      },
      {
        "type": "Base64 High Entropy String",
        "filename": ".obsidian/plugins/terminal/main.js",
        "hashed_secret": "707405171d5768148c8ae5850aa2274bebceaaee",
        "is_verified": false,
        "line_number": 196
      },
      {
        "type": "Base64 High Entropy String",
        "filename": ".obsidian/plugins/terminal/main.js",
        "hashed_secret": "9dcd92f2772099675e07beaa320ac814362cebf0",
        "is_verified": false,
        "line_number": 196
      },
      {
        "type": "Base64 High Entropy String",
        "filename": ".obsidian/plugins/terminal/main.js",
        "hashed_secret": "aaf7ee3e4c7943e5dd58193ad7c0897805ba47dc",
        "is_verified": false,
        "line_number": 196
      }
    ],
    "Page - Claude Code with AWS Bedrock Guide.md": [
      {
        "type": "Secret Keyword",
        "filename": "Page - Claude Code with AWS Bedrock Guide.md",
        "hashed_secret": "33f220dd67f717cc949db63e21c90e130a6137da",
        "is_verified": false,
        "line_number": 107
      }
    ],
    "Page - Secrets and Security Setup Guide.md": [
      {
        "type": "Secret Keyword",
        "filename": "Page - Secrets and Security Setup Guide.md",
        "hashed_secret": "c7a8c334eef5d1749fface7d42c66f9ae5e8cf36",
        "is_verified": false,
        "line_number": 176
      },
      {
        "type": "Secret Keyword",
        "filename": "Page - Secrets and Security Setup Guide.md",
        "hashed_secret": "d60f2a3cdb34054a4cf504c32f6a21eadaa440b0",
        "is_verified": false,
        "line_number": 264
      }
    ],
    "Page - Vault Security Hardening.md": [
      {
        "type": "Secret Keyword",
        "filename": "Page - Vault Security Hardening.md",
        "hashed_secret": "a200967def1296094f1d05e89956b22e6542f561",
        "is_verified": false,
        "line_number": 384
      }
    ]
  },
  "generated_at": "2026-02-13T07:17:58Z"
}
